[prededup] cybench: 87 groups / 222 runs (runs >= 10 samples), sd_acc == 0 in 86.2% of groups
[fit] synth_crossed: {'model': 'crossed_binomial', 'tag': 'synth_crossed', 'max_r_hat': 1.0023, 'min_ess_bulk': 2153.9446, 'min_ess_tail': 3670.3804, 'n_divergences': 0, 'n_params': 209, 'wall_s': 13.2}
[fit] synth_crossed_harsh: {'model': 'crossed_binomial', 'tag': 'synth_crossed_harsh', 'max_r_hat': 1.0314, 'min_ess_bulk': 136.4765, 'min_ess_tail': 291.3163, 'n_divergences': 0, 'n_params': 314, 'wall_s': 54.9}
[fit] synth_repro_alt: {'model': 'run_repro_binomial', 'tag': 'synth_repro_alt', 'max_r_hat': 1.0017, 'min_ess_bulk': 2728.4414, 'min_ess_tail': 4618.8469, 'n_divergences': 0, 'n_params': 128, 'wall_s': 11.4}
[fit] synth_repro_null: {'model': 'run_repro_binomial', 'tag': 'synth_repro_null', 'max_r_hat': 1.0023, 'min_ess_bulk': 1559.7677, 'min_ess_tail': 3047.8815, 'n_divergences': 0, 'n_params': 121, 'wall_s': 11.1}
[fit] synth_boolq: {'model': 'boolq_normal', 'tag': 'synth_boolq', 'max_r_hat': 1.0051, 'min_ess_bulk': 556.4063, 'min_ess_tail': 1491.476, 'n_divergences': 0, 'n_params': 253, 'wall_s': 59.9}
                                                        check   true  posterior_mean  hdi_low  hdi_high  in_hdi                                                                                                                                        note
                       crossed: corr(true, est) model effects 1.0000          0.9951      NaN       NaN    True                                                                                                                             pass if >= 0.95
                 crossed: 94% HDI coverage of 8 model effects 0.9400          1.0000      NaN       NaN    True                                                                                                                   8/8 covered, pass if >= 6
                                          crossed: sigma_item 1.2000          1.1467   0.9592    1.3423    True                                                                                                                                            
                               crossed: rho (intra-item corr) 0.2095          0.2107   0.1824    0.2399    True                                                                                                                                            
                 crossed-harsh: corr(true, est) model effects 1.0000          0.9939      NaN       NaN    True                                                                                                                  45 models; pass if >= 0.95
  crossed-harsh: 94% HDI coverage of 45 centred model effects 0.9400          0.8667      NaN       NaN    True 39/45 covered, pass if >= 39; raw intercepts share an unidentified item-pool-mean offset in this regime (posterior-mean offset +0.22 logit)
crossed-harsh: 94% HDI coverage of 45 item-marginal abilities 0.9400          0.9111      NaN       NaN    True                                                                                            41/45 covered (probability scale), pass if >= 39
                         crossed-harsh: rho (intra-item corr) 0.6880          0.6811   0.6699    0.6914    True                                                           bimodal item pool (~49% never solved), Gaussian item prior misspecified by design
                                      repro: sigma_run = 0.20 0.2000          0.2319   0.1747    0.2938    True                                                                                                                                            
              repro: sigma_run = 0 (null, prior-vs-posterior) 0.0000          0.0599   0.0001    0.1213    True                                                              concentration P(<0.05)_post/P(<0.05)_prior = 0.429/0.040 = 10.8, pass if >= 10
                          boolq: 94% HDI coverage of 5 thetas 0.9400          1.0000      NaN       NaN    True                                                                                                                   5/5 covered, pass if >= 4
                                             boolq: sigma_run 0.0200          0.0195   0.0182    0.0210    True                                                                                                                                            
                  boolq: corr(true, est) sigma_char per model 1.0000          0.9816      NaN       NaN    True                                                                                                                              pass if >= 0.8
[fit] cybench_crossed: {'model': 'crossed_binomial', 'tag': 'cybench_crossed', 'max_r_hat': 1.0174, 'min_ess_bulk': 278.6805, 'min_ess_tail': 370.0178, 'n_divergences': 0, 'n_params': 310, 'wall_s': 81.5}
[fit] cybench_repro: {'model': 'run_repro_binomial', 'tag': 'cybench_repro', 'max_r_hat': 1.0013, 'min_ess_bulk': 2181.355, 'min_ess_tail': 3732.716, 'n_divergences': 0, 'n_params': 51, 'wall_s': 12.3}
[fit] gdm_intercode_ctf_crossed: {'model': 'crossed_binomial', 'tag': 'gdm_intercode_ctf_crossed', 'max_r_hat': 1.0366, 'min_ess_bulk': 160.9412, 'min_ess_tail': 284.3449, 'n_divergences': 0, 'n_params': 174, 'wall_s': 27.3}
[fit] gdm_intercode_ctf_repro: {'model': 'run_repro_binomial', 'tag': 'gdm_intercode_ctf_repro', 'max_r_hat': 1.0026, 'min_ess_bulk': 2259.018, 'min_ess_tail': 3657.7199, 'n_divergences': 0, 'n_params': 27, 'wall_s': 8.3}
[fit] swe_bench_crossed: {'model': 'crossed_binomial', 'tag': 'swe_bench_crossed', 'max_r_hat': 1.0124, 'min_ess_bulk': 597.1877, 'min_ess_tail': 1061.3047, 'n_divergences': 0, 'n_params': 124, 'wall_s': 12.4}
[fit] swe_bench_repro: {'model': 'run_repro_binomial', 'tag': 'swe_bench_repro', 'max_r_hat': 1.0023, 'min_ess_bulk': 2317.6931, 'min_ess_tail': 2564.8901, 'n_divergences': 1, 'n_params': 14, 'wall_s': 7.3}
[fit] swe_bench_repro_ta95: {'model': 'run_repro_binomial', 'tag': 'swe_bench_repro_ta95', 'max_r_hat': 1.002, 'min_ess_bulk': 2389.1288, 'min_ess_tail': 2628.8361, 'n_divergences': 1, 'n_params': 14, 'wall_s': 5.3}
[fit] swe_bench_repro_ta97: {'model': 'run_repro_binomial', 'tag': 'swe_bench_repro_ta97', 'max_r_hat': 1.0028, 'min_ess_bulk': 2615.1767, 'min_ess_tail': 3159.1278, 'n_divergences': 0, 'n_params': 14, 'wall_s': 5.1}
[fit] cybench_crossed_betabin: {'model': 'crossed_betabinomial', 'tag': 'cybench_crossed_betabin', 'max_r_hat': 1.0092, 'min_ess_bulk': 507.695, 'min_ess_tail': 1083.0018, 'n_divergences': 197, 'n_params': 311, 'wall_s': 290.7}

==== BETABIN SENSITIVITY (cybench) ====
                                  metric  binomial_mean  binomial_hdi_low  binomial_hdi_high  betabin_mean  betabin_hdi_low  betabin_hdi_high
                              disc_ratio         7.6124            6.6834             8.4593        3.7173           3.0562            4.3406
                                  p_best         0.6166            0.5777             0.6563        0.5686           0.4883            0.6568
                                     rho         0.6802            0.6423             0.7191        0.6113           0.5596            0.6577
median_model_logit_sd (disc denominator)         0.3348               NaN                NaN        0.4569              NaN               NaN
                 rho_cell (betabin only)            NaN               NaN                NaN        0.2501           0.2127            0.2873
[fit] boolq_normal: {'model': 'boolq_normal', 'tag': 'boolq_normal', 'max_r_hat': 1.0125, 'min_ess_bulk': 318.5645, 'min_ess_tail': 423.8472, 'n_divergences': 0, 'n_params': 609, 'wall_s': 101.7}

==== HEADLINE-PARAMETER CONVERGENCE ====
                      fit              param  n_elements  max_r_hat  min_ess_bulk  min_ess_tail
            synth_crossed      model_effects           8     1.0007     9110.2054     5162.7268
            synth_crossed         sigma_item           1     1.0014     2153.9446     3670.3804
      synth_crossed_harsh      model_effects          45     1.0033     1023.1650     2168.0900
      synth_crossed_harsh         sigma_item           1     1.0208      285.9145      791.7455
          synth_repro_alt      group_effects          30     1.0016     5107.1444     5359.3838
          synth_repro_alt          sigma_run           1     1.0008     2728.4414     4618.8469
         synth_repro_null      group_effects          30     1.0019     8764.1429     5225.7429
         synth_repro_null          sigma_run           1     1.0007     1559.7677     3047.8815
              synth_boolq      model_effects           5     1.0004     8439.3779     6196.3916
              synth_boolq          sigma_run           1     1.0009     5971.9656     6020.0706
              synth_boolq         sigma_char           5     1.0044      556.4063     1491.4760
              synth_boolq  sigma_char_common           1     1.0002     4609.9090     5400.3687
              synth_boolq split_effects_free           1     1.0003    13939.4842     6710.8277
          cybench_crossed      model_effects          45     1.0094      462.9146      912.0898
          cybench_crossed         sigma_item           1     1.0065      568.4593      923.2086
            cybench_repro      group_effects          12     1.0013     2181.3550     3732.7160
            cybench_repro          sigma_run           1     1.0003     2361.1630     4189.4270
gdm_intercode_ctf_crossed      model_effects          15     1.0048      655.9311     1277.1773
gdm_intercode_ctf_crossed         sigma_item           1     1.0187      337.4627      709.5257
  gdm_intercode_ctf_repro      group_effects           5     1.0026     2556.1127     3713.7331
  gdm_intercode_ctf_repro          sigma_run           1     1.0007     2259.0180     3657.7199
        swe_bench_crossed      model_effects           3     1.0016     1563.5706     3052.1352
        swe_bench_crossed         sigma_item           1     1.0033      780.3370     1061.3047
          swe_bench_repro      group_effects           4     1.0012     5771.9770     3365.7642
          swe_bench_repro          sigma_run           1     1.0023     2317.6931     2564.8901
     swe_bench_repro_ta95      group_effects           4     1.0020     4724.4562     3288.1919
     swe_bench_repro_ta95          sigma_run           1     1.0010     2389.1288     2628.8361
     swe_bench_repro_ta97      group_effects           4     1.0015     4916.2008     3843.8096
     swe_bench_repro_ta97          sigma_run           1     1.0028     2615.1767     3159.1278
  cybench_crossed_betabin      model_effects          45     1.0070      827.4295     2080.1148
  cybench_crossed_betabin         sigma_item           1     1.0046      905.0826     1877.1532
  cybench_crossed_betabin           rho_cell           1     1.0002     5115.5799     5556.6656
             boolq_normal      model_effects           7     1.0010     8828.4120     5506.6952
             boolq_normal          sigma_run           1     1.0005     8226.1788     6406.2597
             boolq_normal         sigma_char           7     1.0093      614.4563     1172.0036
             boolq_normal  sigma_char_common           1     1.0002     2672.1555     4212.5217
             boolq_normal split_effects_free           1     1.0002     9216.2278     7017.5864

==== DERIVED-METRIC CONVERGENCE ====
                      fit  disc_spread_r_hat  disc_spread_ess_bulk  rho_r_hat  rho_ess_bulk  p_best_r_hat  p_best_ess_bulk  sigma_run_r_hat  sigma_run_ess_bulk
          cybench_crossed             1.0063                 496.9     1.0005        4257.3        1.0037            937.6              NaN                 NaN
gdm_intercode_ctf_crossed             1.0008                4519.0     1.0001        8318.6        1.0000           3689.7              NaN                 NaN
        swe_bench_crossed             1.0000               10778.6     1.0003        6496.9        1.0002           7778.4              NaN                 NaN
             boolq_normal             0.9999               10087.3        NaN           NaN        0.9999           9265.3           1.0005              8226.2

==== LEAGUE TABLE ====
        benchmark  n_models  disc_ratio_mean  p_best_mean  rho_mean  run_inflation_mean      verdict
          cybench        45         7.612386     0.616636  0.680169            3.883870        noisy
gdm_intercode_ctf        15        14.437197     0.676994  0.411523            3.902349        noisy
        swe_bench         3         5.691260     0.443562  0.557680            1.270923 underpowered
 boolq_preference         7       112.428612     0.892884       NaN            3.323066        noisy

==== BETABIN SENSITIVITY RERUN (p_floor stabilisation; replaces the 197-divergence fit above) ====
[fit] cybench_crossed_betabin: {'model': 'crossed_betabinomial', 'tag': 'cybench_crossed_betabin', 'max_r_hat': 1.0082, 'min_ess_bulk': 544.0916, 'min_ess_tail': 1148.8791, 'n_divergences': 0, 'n_params': 311, 'wall_s': 278.3}

==== BETABIN SENSITIVITY (cybench) ====
                                  metric  binomial_mean  binomial_hdi_low  binomial_hdi_high  betabin_mean  betabin_hdi_low  betabin_hdi_high
                              disc_ratio         7.6124            6.6834             8.4593        3.6936           3.0176            4.3145
                                  p_best         0.6166            0.5777             0.6563        0.5674           0.4811            0.6506
                                     rho         0.6802            0.6423             0.7191        0.6140           0.5623            0.6624
median_model_logit_sd (disc denominator)         0.3348               NaN                NaN        0.4601              NaN               NaN
                 rho_cell (betabin only)            NaN               NaN                NaN        0.2549           0.2152            0.2905
patched headline_param_diagnostics.csv
